[40m[2J[40m









    [0;1;34mмллм   мллм[8Cоллн[8Cмллллллллм[9Cмлллллл[8Cллллллм
    лллл   лллл[9Cлл[9Cлллп   пллл[8Cллмммм[9Cлл   лл
    лллл   лллл[9Cлл[9Cлллм   мллл[8Cллпппп[9Cлллллл
    плллм млллп[8Cоллн[8Cлллллллллп[9Cплллллл[8Cлл  плл
[5Cплллллллп[21Cлллл
[7Cплллп[23Cпллп








[0m[255D